// Jest Snapshot v1, https://goo.gl/fbAQLP

exports[`Rendering Posts made of PostItems it should render PostItem 1`] = `
<div>
  <h3>
    Hey!
  </h3>
  <p>
    Hey buddy I am rendering cool stuff
  </p>
</div>
`;

exports[`Rendering Posts made of PostItems it should render Posts 1`] = `
<ContextConsumer>
  <Component />
</ContextConsumer>
`;
