// Jest Snapshot v1, https://goo.gl/fbAQLP

exports[`if App renders correctly 1`] = `
<div>
  <ErrorBoundary>
    <Header
      title="Posts"
    />
    <main>
      <Connect(PostForm) />
      <React.Suspense
        fallback={
          <div>
            Loading...
          </div>
        }
      >
        <React.Lazy />
      </React.Suspense>
    </main>
    <Footer />
  </ErrorBoundary>
</div>
`;
